[0m22:40:10.563630 [debug] [MainThread]: Sending event: {'category': 'dbt', 'action': 'invocation', 'label': 'start', 'context': [<snowplow_tracker.self_describing_json.SelfDescribingJson object at 0x72dd713cfd10>, <snowplow_tracker.self_describing_json.SelfDescribingJson object at 0x72dd6dced490>, <snowplow_tracker.self_describing_json.SelfDescribingJson object at 0x72dd6dd72e90>]}


============================== 22:40:10.565851 | 298489dc-0dec-432c-b4b9-09bb7819c39d ==============================
[0m22:40:10.565851 [info ] [MainThread]: Running with dbt=1.12.3
[0m22:40:10.566322 [debug] [MainThread]: running dbt with arguments {'indirect_selection': 'eager', 'printer_width': '80', 'profiles_dir': '/home/lam/.dbt', 'quiet': 'False', 'no_print': 'None', 'invocation_command': 'dbt init', 'empty': 'None', 'warn_error_options': 'WarnErrorOptionsV2(error=[], warn=[], silence=[])', 'static_parser': 'True', 'partial_parse': 'True', 'hints_enabled': 'True', 'introspect': 'True', 'use_experimental_parser': 'False', 'write_json': 'True', 'maximum_seed_size_mib': '1', 'log_path': 'logs', 'log_format': 'default', 'warn_error': 'None', 'send_anonymous_usage_stats': 'True', 'fail_fast': 'False', 'target_path': 'None', 'log_cache_events': 'False', 'version_check': 'True', 'use_colors': 'True', 'debug': 'False', 'cache_selected_only': 'False'}
[0m22:41:10.222791 [debug] [MainThread]: Starter project path: /home/lam/miniconda3/envs/dbt/lib/python3.11/site-packages/dbt/include/starter_project
[0m22:41:10.225332 [info ] [MainThread]: Setting up your profile.
[0m22:41:47.118964 [info ] [MainThread]: Profile transform written to /home/lam/.dbt/profiles.yml using target's profile_template.yml and your supplied values.
[0m22:41:47.120639 [info ] [MainThread]: Running dbt debug to validate the project...
[0m22:41:47.121270 [info ] [MainThread]: dbt version: 1.12.3
[0m22:41:47.121590 [info ] [MainThread]: python version: 3.11.16
[0m22:41:47.121963 [info ] [MainThread]: python path: /home/lam/miniconda3/envs/dbt/bin/python3.11
[0m22:41:47.122405 [info ] [MainThread]: os info: Linux-7.0.0-30-generic-x86_64-with-glibc2.43
[0m22:41:47.149707 [info ] [MainThread]: Using profiles dir at /home/lam/.dbt
[0m22:41:47.150177 [info ] [MainThread]: Using profiles.yml file at /home/lam/.dbt/profiles.yml
[0m22:41:47.150510 [info ] [MainThread]: Using dbt_project.yml file at /home/lam/Projects/energy-dashboard/src/transform/dbt_project.yml
[0m22:41:47.150998 [info ] [MainThread]: adapter type: postgres
[0m22:41:47.151301 [info ] [MainThread]: adapter version: 1.11.0
[0m22:41:47.230768 [info ] [MainThread]: Configuration:
[0m22:41:47.231242 [info ] [MainThread]:   profiles.yml file [[32mOK found and valid[0m]
[0m22:41:47.231601 [info ] [MainThread]:   dbt_project.yml file [[32mOK found and valid[0m]
[0m22:41:47.231911 [info ] [MainThread]: Required dependencies:
[0m22:41:47.232207 [debug] [MainThread]: Executing "git --help"
[0m22:41:47.234400 [debug] [MainThread]: STDOUT: "b"usage: git [-v | --version] [-h | --help] [-C <path>] [-c <name>=<value>]\n           [--exec-path[=<path>]] [--html-path] [--man-path] [--info-path]\n           [-p | --paginate | -P | --no-pager] [--no-replace-objects] [--no-lazy-fetch]\n           [--no-optional-locks] [--no-advice] [--bare] [--git-dir=<path>]\n           [--work-tree=<path>] [--namespace=<name>] [--config-env=<name>=<envvar>]\n           <command> [<args>]\n\nThese are common Git commands used in various situations:\n\nstart a working area (see also: git help tutorial)\n   clone      Clone a repository into a new directory\n   init       Create an empty Git repository or reinitialize an existing one\n\nwork on the current change (see also: git help everyday)\n   add        Add file contents to the index\n   mv         Move or rename a file, a directory, or a symlink\n   restore    Restore working tree files\n   rm         Remove files from the working tree and from the index\n\nexamine the history and state (see also: git help revisions)\n   bisect     Use binary search to find the commit that introduced a bug\n   diff       Show changes between commits, commit and working tree, etc\n   grep       Print lines matching a pattern\n   log        Show commit logs\n   show       Show various types of objects\n   status     Show the working tree status\n\ngrow, mark and tweak your common history\n   backfill   Download missing objects in a partial clone\n   branch     List, create, or delete branches\n   commit     Record changes to the repository\n   merge      Join two or more development histories together\n   rebase     Reapply commits on top of another base tip\n   reset      Set `HEAD` or the index to a known state\n   switch     Switch branches\n   tag        Create, list, delete or verify tags\n\ncollaborate (see also: git help workflows)\n   fetch      Download objects and refs from another repository\n   pull       Fetch from and integrate with another repository or a local branch\n   push       Update remote refs along with associated objects\n\n'git help -a' and 'git help -g' list available subcommands and some\nconcept guides. See 'git help <command>' or 'git help <concept>'\nto read about a specific subcommand or concept.\nSee 'git help git' for an overview of the system.\n""
[0m22:41:47.234885 [debug] [MainThread]: STDERR: "b''"
[0m22:41:47.235228 [info ] [MainThread]:  - git [[32mOK found[0m]

[0m22:41:47.235527 [info ] [MainThread]: Connection:
[0m22:41:47.235804 [info ] [MainThread]:   host: localhost
[0m22:41:47.236064 [info ] [MainThread]:   port: 5432
[0m22:41:47.236322 [info ] [MainThread]:   user: user
[0m22:41:47.236560 [info ] [MainThread]:   database: db
[0m22:41:47.236794 [info ] [MainThread]:   schema: schema
[0m22:41:47.237060 [info ] [MainThread]:   connect_timeout: 10
[0m22:41:47.237299 [info ] [MainThread]:   role: None
[0m22:41:47.237524 [info ] [MainThread]:   search_path: None
[0m22:41:47.237760 [info ] [MainThread]:   keepalives_idle: 0
[0m22:41:47.237984 [info ] [MainThread]:   sslmode: None
[0m22:41:47.238214 [info ] [MainThread]:   sslcert: None
[0m22:41:47.238437 [info ] [MainThread]:   sslkey: None
[0m22:41:47.238659 [info ] [MainThread]:   sslrootcert: None
[0m22:41:47.238878 [info ] [MainThread]:   application_name: dbt
[0m22:41:47.239098 [info ] [MainThread]:   autocommit: False
[0m22:41:47.239328 [info ] [MainThread]:   retries: 1
[0m22:41:47.239672 [info ] [MainThread]: Registered adapter: postgres=1.11.0
[0m22:41:47.300024 [debug] [MainThread]: Acquiring new postgres connection 'debug'
[0m22:41:47.317398 [debug] [MainThread]: Using postgres connection "debug"
[0m22:41:47.317868 [debug] [MainThread]: On debug: select 1 as id
[0m22:41:47.318259 [debug] [MainThread]: Opening a new connection, currently in state init
[0m22:41:47.319383 [debug] [MainThread]: Postgres adapter: Got a retryable error when attempting to open a postgres connection.
1 attempts remaining. Retrying in 0 seconds.
Error:
connection to server at "localhost" (127.0.0.1), port 5432 failed: Connection refused
	Is the server running on that host and accepting TCP/IP connections?

[0m22:41:47.320218 [debug] [MainThread]: Postgres adapter: Error running SQL: select 1 as id
[0m22:41:47.320565 [debug] [MainThread]: Postgres adapter: Rolling back transaction.
[0m22:41:47.320937 [debug] [MainThread]: On debug: No close available on handle
[0m22:41:47.321294 [info ] [MainThread]:   Connection test: [[31mERROR[0m]

[0m22:41:47.321614 [info ] [MainThread]: [31m1 check failed:[0m
[0m22:41:47.321911 [info ] [MainThread]: dbt was unable to connect to the specified database.
The database returned the following error:

  >Database Error
  connection to server at "localhost" (127.0.0.1), port 5432 failed: Connection refused
  	Is the server running on that host and accepting TCP/IP connections?
  

Check your database credentials and try again. For more information, visit:
https://docs.getdbt.com/docs/configure-your-profile


[0m22:41:47.322238 [info ] [MainThread]: Your new dbt project "transform" was created!
Initialized new project in /home/lam/Projects/energy-dashboard/src/transform/transform

For more information on how to configure the profiles.yml file,
please consult the dbt documentation here:

  https://docs.getdbt.com/docs/configure-your-profile

One more thing:

Need help? Don't hesitate to reach out to us via GitHub issues or on Slack:

  https://community.getdbt.com/

Happy modeling!

[0m22:41:47.322533 [info ] [MainThread]: [31mYour profile may need adjustments. You can find the logs of `dbt debug` above[0m
[0m22:41:47.323273 [debug] [MainThread]: Resource report: {"command_name": "init", "command_success": true, "command_wall_clock_time": 96.81409, "process_in_blocks": "0", "process_kernel_time": 0.174014, "process_mem_max_rss": "131456", "process_out_blocks": "112", "process_user_time": 1.193098}
[0m22:41:47.323643 [debug] [MainThread]: Command `dbt init` succeeded at 22:41:47.323574 after 96.81 seconds
[0m22:41:47.323903 [debug] [MainThread]: Connection 'debug' was properly closed.
[0m22:41:47.324178 [debug] [MainThread]: Sending event: {'category': 'dbt', 'action': 'invocation', 'label': 'end', 'context': [<snowplow_tracker.self_describing_json.SelfDescribingJson object at 0x72dd6dd83410>, <snowplow_tracker.self_describing_json.SelfDescribingJson object at 0x72dd72b1afd0>, <snowplow_tracker.self_describing_json.SelfDescribingJson object at 0x72dd6de380d0>]}
[0m22:41:47.324494 [debug] [MainThread]: Flushing usage events
[0m22:41:48.014961 [debug] [MainThread]: An error was encountered while trying to flush usage events
